// Jest Snapshot v1, https://goo.gl/fbAQLP

exports[`SearchResults render searchresults without crashing 1`] = `
<Fragment>
  <tr
    key="1"
  >
    <td>
      <styled.button
        disabled={false}
        onClick={[Function]}
        round={true}
      >
        ＋
      </styled.button>
    </td>
    <td>
      title1 (2000)
    </td>
    <td>
      <styled.button
        close={true}
      >
        <styled.img
          alt="Open"
          aria-label="Expand"
          onClick={[Function]}
          src="open.png"
        />
      </styled.button>
    </td>
  </tr>
  <tr
    key="2"
  >
    <td>
      <styled.button
        disabled={false}
        onClick={[Function]}
        round={true}
      >
        ＋
      </styled.button>
    </td>
    <td>
      title2 (2001)
    </td>
    <td>
      <styled.button
        close={true}
      >
        <styled.img
          alt="Open"
          aria-label="Expand"
          onClick={[Function]}
          src="open.png"
        />
      </styled.button>
    </td>
  </tr>
  <tr
    key="3"
  >
    <td>
      <styled.button
        disabled={false}
        onClick={[Function]}
        round={true}
      >
        ＋
      </styled.button>
    </td>
    <td>
      title3 (2002)
    </td>
    <td>
      <styled.button
        close={true}
      >
        <styled.img
          alt="Open"
          aria-label="Expand"
          onClick={[Function]}
          src="open.png"
        />
      </styled.button>
    </td>
  </tr>
  <tr
    key="4"
  >
    <td>
      <styled.button
        disabled={false}
        onClick={[Function]}
        round={true}
      >
        ＋
      </styled.button>
    </td>
    <td>
      title4 (2003)
    </td>
    <td>
      <styled.button
        close={true}
      >
        <styled.img
          alt="Open"
          aria-label="Expand"
          onClick={[Function]}
          src="open.png"
        />
      </styled.button>
    </td>
  </tr>
  <tr
    key="5"
  >
    <td>
      <styled.button
        disabled={false}
        onClick={[Function]}
        round={true}
      >
        ＋
      </styled.button>
    </td>
    <td>
      title5 (2004)
    </td>
    <td>
      <styled.button
        close={true}
      >
        <styled.img
          alt="Open"
          aria-label="Expand"
          onClick={[Function]}
          src="open.png"
        />
      </styled.button>
    </td>
  </tr>
</Fragment>
`;
